[dotenv@17.3.1] injecting env (3) from .env.local -- tip: ÔÜÖ´©Å  write to custom object with { processEnv: myObject }
Probando text-embedding-004 con clave terminada en: WS77w
